Archive member included to satisfy reference by file (symbol)

C:/ST/STM32CubeIDE_1.16.0/STM32CubeIDE/plugins/com.st.stm32cube.ide.mcu.externaltools.gnu-tools-for-stm32.13.3.rel1.win32_1.0.0.202411081344/tools/bin/../lib/gcc/arm-none-eabi/13.3.1/../../../../arm-none-eabi/lib/thumb/v7e-m/nofp\libc_nano.a(libc_a-exit.o)
                              C:/ST/STM32CubeIDE_1.16.0/STM32CubeIDE/plugins/com.st.stm32cube.ide.mcu.externaltools.gnu-tools-for-stm32.13.3.rel1.win32_1.0.0.202411081344/tools/bin/../lib/gcc/arm-none-eabi/13.3.1/../../../../arm-none-eabi/lib/thumb/v7e-m/nofp/crt0.o (exit)
C:/ST/STM32CubeIDE_1.16.0/STM32CubeIDE/plugins/com.st.stm32cube.ide.mcu.externaltools.gnu-tools-for-stm32.13.3.rel1.win32_1.0.0.202411081344/tools/bin/../lib/gcc/arm-none-eabi/13.3.1/../../../../arm-none-eabi/lib/thumb/v7e-m/nofp\libc_nano.a(libc_a-findfp.o)
                              C:/ST/STM32CubeIDE_1.16.0/STM32CubeIDE/plugins/com.st.stm32cube.ide.mcu.externaltools.gnu-tools-for-stm32.13.3.rel1.win32_1.0.0.202411081344/tools/bin/../lib/gcc/arm-none-eabi/13.3.1/../../../../arm-none-eabi/lib/thumb/v7e-m/nofp\libc_nano.a(libc_a-exit.o) (__stdio_exit_handler)
C:/ST/STM32CubeIDE_1.16.0/STM32CubeIDE/plugins/com.st.stm32cube.ide.mcu.externaltools.gnu-tools-for-stm32.13.3.rel1.win32_1.0.0.202411081344/tools/bin/../lib/gcc/arm-none-eabi/13.3.1/../../../../arm-none-eabi/lib/thumb/v7e-m/nofp\libc_nano.a(libc_a-fwalk.o)
                              C:/ST/STM32CubeIDE_1.16.0/STM32CubeIDE/plugins/com.st.stm32cube.ide.mcu.externaltools.gnu-tools-for-stm32.13.3.rel1.win32_1.0.0.202411081344/tools/bin/../lib/gcc/arm-none-eabi/13.3.1/../../../../arm-none-eabi/lib/thumb/v7e-m/nofp\libc_nano.a(libc_a-findfp.o) (_fwalk_sglue)
C:/ST/STM32CubeIDE_1.16.0/STM32CubeIDE/plugins/com.st.stm32cube.ide.mcu.externaltools.gnu-tools-for-stm32.13.3.rel1.win32_1.0.0.202411081344/tools/bin/../lib/gcc/arm-none-eabi/13.3.1/../../../../arm-none-eabi/lib/thumb/v7e-m/nofp\libc_nano.a(libc_a-stdio.o)
                              C:/ST/STM32CubeIDE_1.16.0/STM32CubeIDE/plugins/com.st.stm32cube.ide.mcu.externaltools.gnu-tools-for-stm32.13.3.rel1.win32_1.0.0.202411081344/tools/bin/../lib/gcc/arm-none-eabi/13.3.1/../../../../arm-none-eabi/lib/thumb/v7e-m/nofp\libc_nano.a(libc_a-findfp.o) (__sread)
C:/ST/STM32CubeIDE_1.16.0/STM32CubeIDE/plugins/com.st.stm32cube.ide.mcu.externaltools.gnu-tools-for-stm32.13.3.rel1.win32_1.0.0.202411081344/tools/bin/../lib/gcc/arm-none-eabi/13.3.1/../../../../arm-none-eabi/lib/thumb/v7e-m/nofp\libc_nano.a(libc_a-memset.o)
                              C:/ST/STM32CubeIDE_1.16.0/STM32CubeIDE/plugins/com.st.stm32cube.ide.mcu.externaltools.gnu-tools-for-stm32.13.3.rel1.win32_1.0.0.202411081344/tools/bin/../lib/gcc/arm-none-eabi/13.3.1/../../../../arm-none-eabi/lib/thumb/v7e-m/nofp/crt0.o (memset)
C:/ST/STM32CubeIDE_1.16.0/STM32CubeIDE/plugins/com.st.stm32cube.ide.mcu.externaltools.gnu-tools-for-stm32.13.3.rel1.win32_1.0.0.202411081344/tools/bin/../lib/gcc/arm-none-eabi/13.3.1/../../../../arm-none-eabi/lib/thumb/v7e-m/nofp\libc_nano.a(libc_a-closer.o)
                              C:/ST/STM32CubeIDE_1.16.0/STM32CubeIDE/plugins/com.st.stm32cube.ide.mcu.externaltools.gnu-tools-for-stm32.13.3.rel1.win32_1.0.0.202411081344/tools/bin/../lib/gcc/arm-none-eabi/13.3.1/../../../../arm-none-eabi/lib/thumb/v7e-m/nofp\libc_nano.a(libc_a-stdio.o) (_close_r)
C:/ST/STM32CubeIDE_1.16.0/STM32CubeIDE/plugins/com.st.stm32cube.ide.mcu.externaltools.gnu-tools-for-stm32.13.3.rel1.win32_1.0.0.202411081344/tools/bin/../lib/gcc/arm-none-eabi/13.3.1/../../../../arm-none-eabi/lib/thumb/v7e-m/nofp\libc_nano.a(libc_a-reent.o)
                              C:/ST/STM32CubeIDE_1.16.0/STM32CubeIDE/plugins/com.st.stm32cube.ide.mcu.externaltools.gnu-tools-for-stm32.13.3.rel1.win32_1.0.0.202411081344/tools/bin/../lib/gcc/arm-none-eabi/13.3.1/../../../../arm-none-eabi/lib/thumb/v7e-m/nofp\libc_nano.a(libc_a-closer.o) (errno)
C:/ST/STM32CubeIDE_1.16.0/STM32CubeIDE/plugins/com.st.stm32cube.ide.mcu.externaltools.gnu-tools-for-stm32.13.3.rel1.win32_1.0.0.202411081344/tools/bin/../lib/gcc/arm-none-eabi/13.3.1/../../../../arm-none-eabi/lib/thumb/v7e-m/nofp\libc_nano.a(libc_a-impure.o)
                              C:/ST/STM32CubeIDE_1.16.0/STM32CubeIDE/plugins/com.st.stm32cube.ide.mcu.externaltools.gnu-tools-for-stm32.13.3.rel1.win32_1.0.0.202411081344/tools/bin/../lib/gcc/arm-none-eabi/13.3.1/../../../../arm-none-eabi/lib/thumb/v7e-m/nofp\libc_nano.a(libc_a-reent.o) (_impure_ptr)
C:/ST/STM32CubeIDE_1.16.0/STM32CubeIDE/plugins/com.st.stm32cube.ide.mcu.externaltools.gnu-tools-for-stm32.13.3.rel1.win32_1.0.0.202411081344/tools/bin/../lib/gcc/arm-none-eabi/13.3.1/../../../../arm-none-eabi/lib/thumb/v7e-m/nofp\libc_nano.a(libc_a-lseekr.o)
[...]
Memory Configuration

Name             Origin             Length             Attributes
RAM              0x20000000         0x00018000         xrw
FLASH            0x08000000         0x00080000         xr
*default*        0x00000000         0xffffffff

Linker script and memory map

LOAD C:/ST/STM32CubeIDE_1.16.0/STM32CubeIDE/plugins/com.st.stm32cube.ide.mcu.externaltools.gnu-tools-for-stm32.13.3.rel1.win32_1.0.0.202411081344/tools/bin/../lib/gcc/arm-none-eabi/13.3.1/thumb/v7e-m/nofp/crti.o
LOAD C:/ST/STM32CubeIDE_1.16.0/STM32CubeIDE/plugins/com.st.stm32cube.ide.mcu.externaltools.gnu-tools-for-stm32.13.3.rel1.win32_1.0.0.202411081344/tools/bin/../lib/gcc/arm-none-eabi/13.3.1/thumb/v7e-m/nofp/crtbegin.o
LOAD C:/ST/STM32CubeIDE_1.16.0/STM32CubeIDE/plugins/com.st.stm32cube.ide.mcu.externaltools.gnu-tools-for-stm32.13.3.rel1.win32_1.0.0.202411081344/tools/bin/../lib/gcc/arm-none-eabi/13.3.1/../../../../arm-none-eabi/lib/thumb/v7e-m/nofp/crt0.o
LOAD ./Src/007spi_cmd_handling.o
LOAD ./Startup/startup_stm32f401retx.o
LOAD ./drivers/Src/stm32f401xx_gpio_driver.o
LOAD ./drivers/Src/stm32f401xx_spi_driver.o
START GROUP
LOAD C:/ST/STM32CubeIDE_1.16.0/STM32CubeIDE/plugins/com.st.stm32cube.ide.mcu.externaltools.gnu-tools-for-stm32.13.3.rel1.win32_1.0.0.202411081344/tools/bin/../lib/gcc/arm-none-eabi/13.3.1/../../../../arm-none-eabi/lib/thumb/v7e-m/nofp\libc_nano.a
LOAD C:/ST/STM32CubeIDE_1.16.0/STM32CubeIDE/plugins/com.st.stm32cube.ide.mcu.externaltools.gnu-tools-for-stm32.13.3.rel1.win32_1.0.0.202411081344/tools/bin/../lib/gcc/arm-none-eabi/13.3.1/../../../../arm-none-eabi/lib/thumb/v7e-m/nofp\libm.a
END GROUP
START GROUP
LOAD C:/ST/STM32CubeIDE_1.16.0/STM32CubeIDE/plugins/com.st.stm32cube.ide.mcu.externaltools.gnu-tools-for-stm32.13.3.rel1.win32_1.0.0.202411081344/tools/bin/../lib/gcc/arm-none-eabi/13.3.1/thumb/v7e-m/nofp\libgcc.a
LOAD C:/ST/STM32CubeIDE_1.16.0/STM32CubeIDE/plugins/com.st.stm32cube.ide.mcu.externaltools.gnu-tools-for-stm32.13.3.rel1.win32_1.0.0.202411081344/tools/bin/../lib/gcc/arm-none-eabi/13.3.1/../../../../arm-none-eabi/lib/thumb/v7e-m/nofp\libc_nano.a
END GROUP
START GROUP
LOAD C:/ST/STM32CubeIDE_1.16.0/STM32CubeIDE/plugins/com.st.stm32cube.ide.mcu.externaltools.gnu-tools-for-stm32.13.3.rel1.win32_1.0.0.202411081344/tools/bin/../lib/gcc/arm-none-eabi/13.3.1/thumb/v7e-m/nofp\libgcc.a
LOAD C:/ST/STM32CubeIDE_1.16.0/STM32CubeIDE/plugins/com.st.stm32cube.ide.mcu.externaltools.gnu-tools-for-stm32.13.3.rel1.win32_1.0.0.202411081344/tools/bin/../lib/gcc/arm-none-eabi/13.3.1/../../../../arm-none-eabi/lib/thumb/v7e-m/nofp\libc_nano.a
LOAD C:/ST/STM32CubeIDE_1.16.0/STM32CubeIDE/plugins/com.st.stm32cube.ide.mcu.externaltools.gnu-tools-for-stm32.13.3.rel1.win32_1.0.0.202411081344/tools/bin/../lib/gcc/arm-none-eabi/13.3.1/../../../../arm-none-eabi/lib/thumb/v7e-m/nofp\libnosys.a
END GROUP
START GROUP
LOAD C:/ST/STM32CubeIDE_1.16.0/STM32CubeIDE/plugins/com.st.stm32cube.ide.mcu.externaltools.gnu-tools-for-stm32.13.3.rel1.win32_1.0.0.202411081344/tools/bin/../lib/gcc/arm-none-eabi/13.3.1/thumb/v7e-m/nofp\libgcc.a
LOAD C:/ST/STM32CubeIDE_1.16.0/STM32CubeIDE/plugins/com.st.stm32cube.ide.mcu.externaltools.gnu-tools-for-stm32.13.3.rel1.win32_1.0.0.202411081344/tools/bin/../lib/gcc/arm-none-eabi/13.3.1/../../../../arm-none-eabi/lib/thumb/v7e-m/nofp\libc_nano.a
LOAD C:/ST/STM32CubeIDE_1.16.0/STM32CubeIDE/plugins/com.st.stm32cube.ide.mcu.externaltools.gnu-tools-for-stm32.13.3.rel1.win32_1.0.0.202411081344/tools/bin/../lib/gcc/arm-none-eabi/13.3.1/../../../../arm-none-eabi/lib/thumb/v7e-m/nofp\libnosys.a
END GROUP
LOAD C:/ST/STM32CubeIDE_1.16.0/STM32CubeIDE/plugins/com.st.stm32cube.ide.mcu.externaltools.gnu-tools-for-stm32.13.3.rel1.win32_1.0.0.202411081344/tools/bin/../lib/gcc/arm-none-eabi/13.3.1/thumb/v7e-m/nofp/crtend.o
LOAD C:/ST/STM32CubeIDE_1.16.0/STM32CubeIDE/plugins/com.st.stm32cube.ide.mcu.externaltools.gnu-tools-for-stm32.13.3.rel1.win32_1.0.0.202411081344/tools/bin/../lib/gcc/arm-none-eabi/13.3.1/thumb/v7e-m/nofp/crtn.o
                0x20018000                        _estack = (ORIGIN (RAM) + LENGTH (RAM))
                0x00000200                        _Min_Heap_Size = 0x200
                0x00000400                        _Min_Stack_Size = 0x400

.isr_vector     0x08000000      0x194
                0x08000000                        . = ALIGN (0x4)
 *(.isr_vector)
 .isr_vector    0x08000000      0x194 ./Startup/startup_stm32f401retx.o
                0x08000000                g_pfnVectors
                0x08000194                        . = ALIGN (0x4)

.text           0x08000194      0xaf0
                0x08000194                        . = ALIGN (0x4)
 *(.text)
 .text          0x08000194       0x40 C:/ST/STM32CubeIDE_1.16.0/STM32CubeIDE/plugins/com.st.stm32cube.ide.mcu.externaltools.gnu-tools-for-stm32.13.3.rel1.win32_1.0.0.202411081344/tools/bin/../lib/gcc/arm-none-eabi/13.3.1/thumb/v7e-m/nofp/crtbegin.o
 *(.text*)
 .text.delay    0x080001d4       0x2c ./Src/007spi_cmd_handling.o
                0x080001d4                delay
 .text.SPI2_GPIOInits
                0x08000200       0x5c ./Src/007spi_cmd_handling.o
                0x08000200                SPI2_GPIOInits
 .text.SPI2_Inits
                0x0800025c       0x3c ./Src/007spi_cmd_handling.o
                0x0800025c                SPI2_Inits
 .text.GPIO_ButtonInit
                0x08000298       0x30 ./Src/007spi_cmd_handling.o
                0x08000298                GPIO_ButtonInit
 .text.SPI_VerifyResponse
                0x080002c8       0x20 ./Src/007spi_cmd_handling.o
                0x080002c8                SPI_VerifyResponse
 .text.main     0x080002e8       0xb4 ./Src/007spi_cmd_handling.o
                0x080002e8                main
 .text.Reset_Handler
                0x0800039c       0x50 ./Startup/startup_stm32f401retx.o
                0x0800039c                Reset_Handler
 .text.Default_Handler
                0x080003ec        0x2 ./Startup/startup_stm32f401retx.o
                0x080003ec                EXTI2_IRQHandler
                0x080003ec                DebugMon_Handler
                0x080003ec                SPI4_IRQHandler
                0x080003ec                TIM1_CC_IRQHandler
                0x080003ec                DMA2_Stream5_IRQHandler
                0x080003ec                HardFault_Handler
                0x080003ec                DMA1_Stream5_IRQHandler
                0x080003ec                SysTick_Handler
                0x080003ec                SDIO_IRQHandler
                0x080003ec                TAMP_STAMP_IRQHandler
                0x080003ec                PendSV_Handler
                0x080003ec                NMI_Handler
                0x080003ec                EXTI3_IRQHandler
                0x080003ec                TIM1_UP_TIM10_IRQHandler
                0x080003ec                I2C3_ER_IRQHandler
                0x080003ec                EXTI18_OTG_FS_WKUP_IRQHandler
                0x080003ec                EXTI0_IRQHandler
                0x080003ec                I2C2_EV_IRQHandler
                0x080003ec                DMA1_Stream2_IRQHandler
                0x080003ec                UsageFault_Handler
                0x080003ec                DMA2_Stream2_IRQHandler
                0x080003ec                SPI1_IRQHandler
                0x080003ec                TIM1_BRK_TIM9_IRQHandler
                0x080003ec                DMA2_Stream3_IRQHandler
                0x080003ec                USART6_IRQHandler
                0x080003ec                DMA2_Stream0_IRQHandler
                0x080003ec                TIM4_IRQHandler
                0x080003ec                I2C1_EV_IRQHandler
                0x080003ec                DMA1_Stream6_IRQHandler
                0x080003ec                DMA1_Stream1_IRQHandler
                0x080003ec                TIM3_IRQHandler
                0x080003ec                RCC_IRQHandler
                0x080003ec                Default_Handler
                0x080003ec                EXTI15_10_IRQHandler
                0x080003ec                ADC_IRQHandler
                0x080003ec                DMA1_Stream7_IRQHandler
                0x080003ec                TIM5_IRQHandler
                0x080003ec                DMA2_Stream7_IRQHandler
                0x080003ec                I2C3_EV_IRQHandler
                0x080003ec                EXTI9_5_IRQHandler
                0x080003ec                SPI2_IRQHandler
                0x080003ec                MemManage_Handler
                0x080003ec                DMA1_Stream0_IRQHandler
                0x080003ec                SVC_Handler
                0x080003ec                EXTI4_IRQHandler
                0x080003ec                EXTI22_RTC_WKUP_IRQHandler
                0x080003ec                TIM2_IRQHandler
                0x080003ec                EXTI16_PVD_IRQHandler
                0x080003ec                TIM1_TRG_COM_TIM11_IRQHandler
                0x080003ec                EXTI1_IRQHandler
                0x080003ec                EXTI17_RTC_Alarm_IRQHandler
                0x080003ec                USART2_IRQHandler
                0x080003ec                I2C2_ER_IRQHandler
                0x080003ec                DMA2_Stream1_IRQHandler
                0x080003ec                FLASH_IRQHandler
                0x080003ec                DMA2_Stream4_IRQHandler
                0x080003ec                BusFault_Handler
                0x080003ec                USART1_IRQHandler
                0x080003ec                OTG_FS_IRQHandler
                0x080003ec                SPI3_IRQHandler
                0x080003ec                DMA1_Stream4_IRQHandler
                0x080003ec                I2C1_ER_IRQHandler
                0x080003ec                DMA2_Stream6_IRQHandler
                0x080003ec                DMA1_Stream3_IRQHandler
 *fill*         0x080003ee        0x2 
 .text.GPIO_PeriClockControl
                0x080003f0      0x1d0 ./drivers/Src/stm32f401xx_gpio_driver.o
                0x080003f0                GPIO_PeriClockControl
 .text.GPIO_Init
                0x080005c0      0x348 ./drivers/Src/stm32f401xx_gpio_driver.o
                0x080005c0                GPIO_Init
 .text.GPIO_ReadFromInputPin
                0x08000908       0x2a ./drivers/Src/stm32f401xx_gpio_driver.o
                0x08000908                GPIO_ReadFromInputPin
 *fill*         0x08000932        0x2 
 .text.SPI_PeriClockControl
                0x08000934       0xe0 ./drivers/Src/stm32f401xx_spi_driver.o
                0x08000934                SPI_PeriClockControl
 .text.SPI_Init
                0x08000a14       0xa0 ./drivers/Src/stm32f401xx_spi_driver.o
                0x08000a14                SPI_Init
 .text.SPI_GetFlagStatus
                0x08000ab4       0x26 ./drivers/Src/stm32f401xx_spi_driver.o
                0x08000ab4                SPI_GetFlagStatus
 .text.SPI_SendData
                0x08000ada       0x6e ./drivers/Src/stm32f401xx_spi_driver.o
                0x08000ada                SPI_SendData
 .text.SPI_ReceiveData
                0x08000b48       0x6e ./drivers/Src/stm32f401xx_spi_driver.o
                0x08000b48                SPI_ReceiveData
 .text.SPI_PeripheralControl
                0x08000bb6       0x36 ./drivers/Src/stm32f401xx_spi_driver.o
                0x08000bb6                SPI_PeripheralControl
 .text.SPI_SSOEConfig
                0x08000bec       0x36 ./drivers/Src/stm32f401xx_spi_driver.o
                0x08000bec                SPI_SSOEConfig
 *fill*         0x08000c22        0x2 
 .text.__libc_init_array
                0x08000c24       0x48 C:/ST/STM32CubeIDE_1.16.0/STM32CubeIDE/plugins/com.st.stm32cube.ide.mcu.externaltools.gnu-tools-for-stm32.13.3.rel1.win32_1.0.0.202411081344/tools/bin/../lib/gcc/arm-none-eabi/13.3.1/../../../../arm-none-eabi/lib/thumb/v7e-m/nofp\libc_nano.a(libc_a-init.o)
                0x08000c24                __libc_init_array
 *(.glue_7)
 .glue_7        0x08000c6c        0x0 linker stubs
 *(.glue_7t)
 .glue_7t       0x08000c6c        0x0 linker stubs
 *(.eh_frame)
 .eh_frame      0x08000c6c        0x0 C:/ST/STM32CubeIDE_1.16.0/STM32CubeIDE/plugins/com.st.stm32cube.ide.mcu.externaltools.gnu-tools-for-stm32.13.3.rel1.win32_1.0.0.202411081344/tools/bin/../lib/gcc/arm-none-eabi/13.3.1/thumb/v7e-m/nofp/crtbegin.o
 *(.init)
 .init          0x08000c6c        0x4 C:/ST/STM32CubeIDE_1.16.0/STM32CubeIDE/plugins/com.st.stm32cube.ide.mcu.externaltools.gnu-tools-for-stm32.13.3.rel1.win32_1.0.0.202411081344/tools/bin/../lib/gcc/arm-none-eabi/13.3.1/thumb/v7e-m/nofp/crti.o
                0x08000c6c                _init
 .init          0x08000c70        0x8 C:/ST/STM32CubeIDE_1.16.0/STM32CubeIDE/plugins/com.st.stm32cube.ide.mcu.externaltools.gnu-tools-for-stm32.13.3.rel1.win32_1.0.0.202411081344/tools/bin/../lib/gcc/arm-none-eabi/13.3.1/thumb/v7e-m/nofp/crtn.o
 *(.fini)
 .fini          0x08000c78        0x4 C:/ST/STM32CubeIDE_1.16.0/STM32CubeIDE/plugins/com.st.stm32cube.ide.mcu.externaltools.gnu-tools-for-stm32.13.3.rel1.win32_1.0.0.202411081344/tools/bin/../lib/gcc/arm-none-eabi/13.3.1/thumb/v7e-m/nofp/crti.o
                0x08000c78                _fini
 .fini          0x08000c7c        0x8 C:/ST/STM32CubeIDE_1.16.0/STM32CubeIDE/plugins/com.st.stm32cube.ide.mcu.externaltools.gnu-tools-for-stm32.13.3.rel1.win32_1.0.0.202411081344/tools/bin/../lib/gcc/arm-none-eabi/13.3.1/thumb/v7e-m/nofp/crtn.o
                0x08000c84                        . = ALIGN (0x4)
                0x08000c84                        _etext = .

.vfp11_veneer   0x08000c84        0x0
 .vfp11_veneer  0x08000c84        0x0 linker stubs

.v4_bx          0x08000c84        0x0
 .v4_bx         0x08000c84        0x0 linker stubs

.iplt           0x08000c84        0x0
 .iplt          0x08000c84        0x0 C:/ST/STM32CubeIDE_1.16.0/STM32CubeIDE/plugins/com.st.stm32cube.ide.mcu.externaltools.gnu-tools-for-stm32.13.3.rel1.win32_1.0.0.202411081344/tools/bin/../lib/gcc/arm-none-eabi/13.3.1/thumb/v7e-m/nofp/crtbegin.o

.rodata         0x08000c84        0x0
                0x08000c84                        . = ALIGN (0x4)
 *(.rodata)
 *(.rodata*)
                0x08000c84                        . = ALIGN (0x4)

.ARM.extab      0x08000c84        0x0
                0x08000c84                        . = ALIGN (0x4)
 *(.ARM.extab* .gnu.linkonce.armextab.*)
                0x08000c84                        . = ALIGN (0x4)

.ARM            0x08000c84        0x0
                0x08000c84                        . = ALIGN (0x4)
                0x08000c84                        __exidx_start = .
 *(.ARM.exidx*)
                0x08000c84                        __exidx_end = .
                0x08000c84                        . = ALIGN (0x4)

.preinit_array  0x08000c84        0x0
                0x08000c84                        . = ALIGN (0x4)
                0x08000c84                        PROVIDE (__preinit_array_start = .)
 *(.preinit_array*)
                0x08000c84                        PROVIDE (__preinit_array_end = .)
                0x08000c84                        . = ALIGN (0x4)

.init_array     0x08000c84        0x4
                0x08000c84                        . = ALIGN (0x4)
                0x08000c84                        PROVIDE (__init_array_start = .)
 *(SORT_BY_NAME(.init_array.*))
 *(.init_array*)
 .init_array    0x08000c84        0x4 C:/ST/STM32CubeIDE_1.16.0/STM32CubeIDE/plugins/com.st.stm32cube.ide.mcu.externaltools.gnu-tools-for-stm32.13.3.rel1.win32_1.0.0.202411081344/tools/bin/../lib/gcc/arm-none-eabi/13.3.1/thumb/v7e-m/nofp/crtbegin.o
                0x08000c88                        PROVIDE (__init_array_end = .)
                0x08000c88                        . = ALIGN (0x4)

.fini_array     0x08000c88        0x4
                0x08000c88                        . = ALIGN (0x4)
                [!provide]                        PROVIDE (__fini_array_start = .)
 *(SORT_BY_NAME(.fini_array.*))
 *(.fini_array*)
 .fini_array    0x08000c88        0x4 C:/ST/STM32CubeIDE_1.16.0/STM32CubeIDE/plugins/com.st.stm32cube.ide.mcu.externaltools.gnu-tools-for-stm32.13.3.rel1.win32_1.0.0.202411081344/tools/bin/../lib/gcc/arm-none-eabi/13.3.1/thumb/v7e-m/nofp/crtbegin.o
                [!provide]                        PROVIDE (__fini_array_end = .)
                0x08000c8c                        . = ALIGN (0x4)
                0x08000c8c                        _sidata = LOADADDR (.data)

.rel.dyn        0x08000c8c        0x0
 .rel.iplt      0x08000c8c        0x0 C:/ST/STM32CubeIDE_1.16.0/STM32CubeIDE/plugins/com.st.stm32cube.ide.mcu.externaltools.gnu-tools-for-stm32.13.3.rel1.win32_1.0.0.202411081344/tools/bin/../lib/gcc/arm-none-eabi/13.3.1/thumb/v7e-m/nofp/crtbegin.o

.data           0x20000000        0x0 load address 0x08000c8c
                0x20000000                        . = ALIGN (0x4)
                0x20000000                        _sdata = .
 *(.data)
 *(.data*)
 *(.RamFunc)
 *(.RamFunc*)
                0x20000000                        . = ALIGN (0x4)
                0x20000000                        _edata = .

.igot.plt       0x20000000        0x0 load address 0x08000c8c
 .igot.plt      0x20000000        0x0 C:/ST/STM32CubeIDE_1.16.0/STM32CubeIDE/plugins/com.st.stm32cube.ide.mcu.externaltools.gnu-tools-for-stm32.13.3.rel1.win32_1.0.0.202411081344/tools/bin/../lib/gcc/arm-none-eabi/13.3.1/thumb/v7e-m/nofp/crtbegin.o
                0x20000000                        . = ALIGN (0x4)

.bss            0x20000000       0x1c load address 0x08000c8c
                0x20000000                        _sbss = .
                0x20000000                        __bss_start__ = _sbss
 *(.bss)
 .bss           0x20000000       0x1c C:/ST/STM32CubeIDE_1.16.0/STM32CubeIDE/plugins/com.st.stm32cube.ide.mcu.externaltools.gnu-tools-for-stm32.13.3.rel1.win32_1.0.0.202411081344/tools/bin/../lib/gcc/arm-none-eabi/13.3.1/thumb/v7e-m/nofp/crtbegin.o
 *(.bss*)
 *(COMMON)
                0x2000001c                        . = ALIGN (0x4)
                0x2000001c                        _ebss = .
                0x2000001c                        __bss_end__ = _ebss

._user_heap_stack
                0x2000001c      0x604 load address 0x08000c8c
                0x20000020                        . = ALIGN (0x8)
 *fill*         0x2000001c        0x4 
                0x20000020                        PROVIDE (end = .)
                [!provide]                        PROVIDE (_end = .)
                0x20000220                        . = (. + _Min_Heap_Size)
 *fill*         0x20000020      0x200 
                0x20000620                        . = (. + _Min_Stack_Size)
 *fill*         0x20000220      0x400 
                0x20000620                        . = ALIGN (0x8)

/DISCARD/
 libc.a(*)
 libm.a(*)
 libgcc.a(*)

.ARM.attributes
                0x00000000       0x2a
 *(.ARM.attributes)
 .ARM.attributes
                0x00000000       0x1e C:/ST/STM32CubeIDE_1.16.0/STM32CubeIDE/plugins/com.st.stm32cube.ide.mcu.externaltools.gnu-tools-for-stm32.13.3.rel1.win32_1.0.0.202411081344/tools/bin/../lib/gcc/arm-none-eabi/13.3.1/thumb/v7e-m/nofp/crti.o
 .ARM.attributes
                0x0000001e       0x2e C:/ST/STM32CubeIDE_1.16.0/STM32CubeIDE/plugins/com.st.stm32cube.ide.mcu.externaltools.gnu-tools-for-stm32.13.3.rel1.win32_1.0.0.202411081344/tools/bin/../lib/gcc/arm-none-eabi/13.3.1/thumb/v7e-m/nofp/crtbegin.o
 .ARM.attributes
                0x0000004c       0x2e ./Src/007spi_cmd_handling.o
 .ARM.attributes
                0x0000007a       0x21 ./Startup/startup_stm32f401retx.o
 .ARM.attributes
                0x0000009b       0x2e ./drivers/Src/stm32f401xx_gpio_driver.o
 .ARM.attributes
                0x000000c9       0x2e ./drivers/Src/stm32f401xx_spi_driver.o
 .ARM.attributes
                0x000000f7       0x2e C:/ST/STM32CubeIDE_1.16.0/STM32CubeIDE/plugins/com.st.stm32cube.ide.mcu.externaltools.gnu-tools-for-stm32.13.3.rel1.win32_1.0.0.202411081344/tools/bin/../lib/gcc/arm-none-eabi/13.3.1/../../../../arm-none-eabi/lib/thumb/v7e-m/nofp\libc_nano.a(libc_a-init.o)
 .ARM.attributes
                0x00000125       0x1e C:/ST/STM32CubeIDE_1.16.0/STM32CubeIDE/plugins/com.st.stm32cube.ide.mcu.externaltools.gnu-tools-for-stm32.13.3.rel1.win32_1.0.0.202411081344/tools/bin/../lib/gcc/arm-none-eabi/13.3.1/thumb/v7e-m/nofp/crtn.o
OUTPUT(stm32f4xx_drivers.elf elf32-littlearm)
LOAD linker stubs
LOAD C:/ST/STM32CubeIDE_1.16.0/STM32CubeIDE/plugins/com.st.stm32cube.ide.mcu.externaltools.gnu-tools-for-stm32.13.3.rel1.win32_1.0.0.202411081344/tools/bin/../lib/gcc/arm-none-eabi/13.3.1/../../../../arm-none-eabi/lib/thumb/v7e-m/nofp\libc.a
LOAD C:/ST/STM32CubeIDE_1.16.0/STM32CubeIDE/plugins/com.st.stm32cube.ide.mcu.externaltools.gnu-tools-for-stm32.13.3.rel1.win32_1.0.0.202411081344/tools/bin/../lib/gcc/arm-none-eabi/13.3.1/../../../../arm-none-eabi/lib/thumb/v7e-m/nofp\libm.a
LOAD C:/ST/STM32CubeIDE_1.16.0/STM32CubeIDE/plugins/com.st.stm32cube.ide.mcu.externaltools.gnu-tools-for-stm32.13.3.rel1.win32_1.0.0.202411081344/tools/bin/../lib/gcc/arm-none-eabi/13.3.1/thumb/v7e-m/nofp\libgcc.a

.debug_info     0x00000000     0x1293
 .debug_info    0x00000000      0x507 ./Src/007spi_cmd_handling.o
 .debug_info    0x00000507       0x30 ./Startup/startup_stm32f401retx.o
 .debug_info    0x00000537      0x74e ./drivers/Src/stm32f401xx_gpio_driver.o
 .debug_info    0x00000c85      0x60e ./drivers/Src/stm32f401xx_spi_driver.o

.debug_abbrev   0x00000000      0x48e
 .debug_abbrev  0x00000000      0x18e ./Src/007spi_cmd_handling.o
 .debug_abbrev  0x0000018e       0x24 ./Startup/startup_stm32f401retx.o
 .debug_abbrev  0x000001b2      0x178 ./drivers/Src/stm32f401xx_gpio_driver.o
 .debug_abbrev  0x0000032a      0x164 ./drivers/Src/stm32f401xx_spi_driver.o

.debug_aranges  0x00000000      0x158
 .debug_aranges
                0x00000000       0x48 ./Src/007spi_cmd_handling.o
 .debug_aranges
                0x00000048       0x28 ./Startup/startup_stm32f401retx.o
 .debug_aranges
                0x00000070       0x70 ./drivers/Src/stm32f401xx_gpio_driver.o
 .debug_aranges
                0x000000e0       0x78 ./drivers/Src/stm32f401xx_spi_driver.o

.debug_rnglists
                0x00000000       0xf5
 .debug_rnglists
                0x00000000       0x32 ./Src/007spi_cmd_handling.o
 .debug_rnglists
                0x00000032       0x19 ./Startup/startup_stm32f401retx.o
 .debug_rnglists
                0x0000004b       0x53 ./drivers/Src/stm32f401xx_gpio_driver.o
 .debug_rnglists
                0x0000009e       0x57 ./drivers/Src/stm32f401xx_spi_driver.o

.debug_macro    0x00000000     0x22ea
 .debug_macro   0x00000000      0x1ab ./Src/007spi_cmd_handling.o
 .debug_macro   0x000001ab      0xad8 ./Src/007spi_cmd_handling.o
 .debug_macro   0x00000c83       0x22 ./Src/007spi_cmd_handling.o
 .debug_macro   0x00000ca5       0x5b ./Src/007spi_cmd_handling.o
 .debug_macro   0x00000d00       0x24 ./Src/007spi_cmd_handling.o
 .debug_macro   0x00000d24       0x94 ./Src/007spi_cmd_handling.o
 .debug_macro   0x00000db8       0x43 ./Src/007spi_cmd_handling.o
 .debug_macro   0x00000dfb       0x34 ./Src/007spi_cmd_handling.o
 .debug_macro   0x00000e2f      0x190 ./Src/007spi_cmd_handling.o
 .debug_macro   0x00000fbf       0x57 ./Src/007spi_cmd_handling.o
 .debug_macro   0x00001016      0x370 ./Src/007spi_cmd_handling.o
 .debug_macro   0x00001386       0x16 ./Src/007spi_cmd_handling.o
 .debug_macro   0x0000139c       0x4a ./Src/007spi_cmd_handling.o
 .debug_macro   0x000013e6       0x34 ./Src/007spi_cmd_handling.o
 .debug_macro   0x0000141a       0x10 ./Src/007spi_cmd_handling.o
 .debug_macro   0x0000142a       0x58 ./Src/007spi_cmd_handling.o
 .debug_macro   0x00001482       0x8e ./Src/007spi_cmd_handling.o
 .debug_macro   0x00001510       0x1c ./Src/007spi_cmd_handling.o
 .debug_macro   0x0000152c      0x185 ./Src/007spi_cmd_handling.o
 .debug_macro   0x000016b1       0x10 ./Src/007spi_cmd_handling.o
 .debug_macro   0x000016c1       0x3c ./Src/007spi_cmd_handling.o
 .debug_macro   0x000016fd       0x20 ./Src/007spi_cmd_handling.o
 .debug_macro   0x0000171d      0x103 ./Src/007spi_cmd_handling.o
 .debug_macro   0x00001820       0x6a ./Src/007spi_cmd_handling.o
 .debug_macro   0x0000188a      0x1df ./Src/007spi_cmd_handling.o
 .debug_macro   0x00001a69      0x47c ./Src/007spi_cmd_handling.o
 .debug_macro   0x00001ee5       0xc4 ./Src/007spi_cmd_handling.o
 .debug_macro   0x00001fa9       0x9a ./Src/007spi_cmd_handling.o
 .debug_macro   0x00002043       0x9a ./drivers/Src/stm32f401xx_gpio_driver.o
 .debug_macro   0x000020dd       0x8e ./drivers/Src/stm32f401xx_gpio_driver.o
 .debug_macro   0x0000216b       0x51 ./drivers/Src/stm32f401xx_gpio_driver.o
 .debug_macro   0x000021bc       0x94 ./drivers/Src/stm32f401xx_gpio_driver.o
 .debug_macro   0x00002250       0x9a ./drivers/Src/stm32f401xx_spi_driver.o

.debug_line     0x00000000     0x18e0
 .debug_line    0x00000000      0x725 ./Src/007spi_cmd_handling.o
 .debug_line    0x00000725       0x7b ./Startup/startup_stm32f401retx.o
 .debug_line    0x000007a0      0xa36 ./drivers/Src/stm32f401xx_gpio_driver.o
 .debug_line    0x000011d6      0x70a ./drivers/Src/stm32f401xx_spi_driver.o

.debug_str      0x00000000     0x9646
 .debug_str     0x00000000     0x9646 ./Src/007spi_cmd_handling.o
                               0x948b (size before relaxing)
 .debug_str     0x00009646       0x7d ./Startup/startup_stm32f401retx.o
 .debug_str     0x00009646     0x5f66 ./drivers/Src/stm32f401xx_gpio_driver.o
 .debug_str     0x00009646     0x5ed2 ./drivers/Src/stm32f401xx_spi_driver.o

.comment        0x00000000       0x43
 .comment       0x00000000       0x43 ./Src/007spi_cmd_handling.o
                                 0x44 (size before relaxing)
 .comment       0x00000043       0x44 ./drivers/Src/stm32f401xx_gpio_driver.o
 .comment       0x00000043       0x44 ./drivers/Src/stm32f401xx_spi_driver.o

.debug_frame    0x00000000      0x4c4
 .debug_frame   0x00000000       0xec ./Src/007spi_cmd_handling.o
 .debug_frame   0x000000ec      0x1c8 ./drivers/Src/stm32f401xx_gpio_driver.o
 .debug_frame   0x000002b4      0x1e4 ./drivers/Src/stm32f401xx_spi_driver.o
 .debug_frame   0x00000498       0x2c C:/ST/STM32CubeIDE_1.16.0/STM32CubeIDE/plugins/com.st.stm32cube.ide.mcu.externaltools.gnu-tools-for-stm32.13.3.rel1.win32_1.0.0.202411081344/tools/bin/../lib/gcc/arm-none-eabi/13.3.1/../../../../arm-none-eabi/lib/thumb/v7e-m/nofp\libc_nano.a(libc_a-init.o)

.debug_line_str
                0x00000000       0x61
 .debug_line_str
                0x00000000       0x61 ./Startup/startup_stm32f401retx.o
