../drivers/Src/stm32f401xx_spi_driver.c:31:6:SPI_PeriClockControl	16	static
../drivers/Src/stm32f401xx_spi_driver.c:87:6:SPI_Init	24	static
../drivers/Src/stm32f401xx_spi_driver.c:146:6:SPI_DeInit	16	static
../drivers/Src/stm32f401xx_spi_driver.c:156:9:SPI_GetFlagStatus	16	static
../drivers/Src/stm32f401xx_spi_driver.c:183:6:SPI_SendData	24	static
../drivers/Src/stm32f401xx_spi_driver.c:224:6:SPI_ReceiveData	24	static
../drivers/Src/stm32f401xx_spi_driver.c:269:6:SPI_PeripheralControl	16	static
../drivers/Src/stm32f401xx_spi_driver.c:296:6:SPI_SSIConfig	16	static
../drivers/Src/stm32f401xx_spi_driver.c:322:6:SPI_SSOEConfig	16	static
../drivers/Src/stm32f401xx_spi_driver.c:352:6:SPI_IRQInterruptConfig	16	static
../drivers/Src/stm32f401xx_spi_driver.c:371:6:SPI_IRQPriorityConfig	16	static
../drivers/Src/stm32f401xx_spi_driver.c:391:9:SPI_SendDataIT	32	static
../drivers/Src/stm32f401xx_spi_driver.c:426:9:SPI_ReceiveDataIT	32	static
../drivers/Src/stm32f401xx_spi_driver.c:460:6:SPI_IRQHandling	24	static
../drivers/Src/stm32f401xx_spi_driver.c:497:13:spi_txe_interrupt_handle	16	static
../drivers/Src/stm32f401xx_spi_driver.c:527:13:spi_rxne_interrupt_handle	16	static
../drivers/Src/stm32f401xx_spi_driver.c:554:13:spi_ovr_err_interrupt_handle	24	static
../drivers/Src/stm32f401xx_spi_driver.c:569:6:SPI_CloseTransmission	16	static
../drivers/Src/stm32f401xx_spi_driver.c:577:6:SPI_CloseReception	16	static
../drivers/Src/stm32f401xx_spi_driver.c:585:6:SPI_ClearOVRFlag	24	static
../drivers/Src/stm32f401xx_spi_driver.c:593:13:SPI_ApplicationEventCallback	16	static
